../DS3231/ds3231_for_stm32_hal.c:30:6:DS3231_SetRegByte	24	static
../DS3231/ds3231_for_stm32_hal.c:40:9:DS3231_GetRegByte	40	static
../DS3231/ds3231_for_stm32_hal.c:51:6:DS3231_EnableBatterySquareWave	8	static
../DS3231/ds3231_for_stm32_hal.c:60:6:DS3231_SetInterruptMode	8	static
../DS3231/ds3231_for_stm32_hal.c:69:6:DS3231_SetRateSelect	8	static
../DS3231/ds3231_for_stm32_hal.c:78:6:DS3231_EnableOscillator	8	static
../DS3231/ds3231_for_stm32_hal.c:87:6:DS3231_EnableAlarm2	8	static
../DS3231/ds3231_for_stm32_hal.c:96:6:DS3231_ClearAlarm2Flag	8	static
../DS3231/ds3231_for_stm32_hal.c:145:6:DS3231_SetAlarm2Mode	16	static
../DS3231/ds3231_for_stm32_hal.c:159:6:DS3231_EnableAlarm1	16	static
../DS3231/ds3231_for_stm32_hal.c:168:6:DS3231_ClearAlarm1Flag	8	static
../DS3231/ds3231_for_stm32_hal.c:16:6:DS3231_Init	8	static
../DS3231/ds3231_for_stm32_hal.c:227:6:DS3231_SetAlarm1Mode	16	static
../DS3231/ds3231_for_stm32_hal.c:243:9:DS3231_IsOscillatorStopped	8	static
../DS3231/ds3231_for_stm32_hal.c:251:9:DS3231_Is32kHzEnabled	8	static
../DS3231/ds3231_for_stm32_hal.c:259:9:DS3231_IsAlarm1Triggered	8	static
../DS3231/ds3231_for_stm32_hal.c:267:9:DS3231_IsAlarm2Triggered	8	static
../DS3231/ds3231_for_stm32_hal.c:420:9:DS3231_DecodeBCD	0	static
../DS3231/ds3231_for_stm32_hal.c:275:9:DS3231_GetDayOfWeek	8	static
../DS3231/ds3231_for_stm32_hal.c:283:9:DS3231_GetDate	8	static
../DS3231/ds3231_for_stm32_hal.c:291:9:DS3231_GetMonth	8	static
../DS3231/ds3231_for_stm32_hal.c:299:10:DS3231_GetYear	8	static
../DS3231/ds3231_for_stm32_hal.c:309:9:DS3231_GetHour	8	static
../DS3231/ds3231_for_stm32_hal.c:317:9:DS3231_GetMinute	8	static
../DS3231/ds3231_for_stm32_hal.c:325:9:DS3231_GetSecond	8	static
../DS3231/ds3231_for_stm32_hal.c:429:9:DS3231_EncodeBCD	16	static
../DS3231/ds3231_for_stm32_hal.c:105:6:DS3231_SetAlarm2Minute	16	static
../DS3231/ds3231_for_stm32_hal.c:115:6:DS3231_SetAlarm2Hour	16	static
../DS3231/ds3231_for_stm32_hal.c:125:6:DS3231_SetAlarm2Date	16	static
../DS3231/ds3231_for_stm32_hal.c:135:6:DS3231_SetAlarm2Day	16	static
../DS3231/ds3231_for_stm32_hal.c:177:6:DS3231_SetAlarm1Second	16	static
../DS3231/ds3231_for_stm32_hal.c:187:6:DS3231_SetAlarm1Minute	16	static
../DS3231/ds3231_for_stm32_hal.c:197:6:DS3231_SetAlarm1Hour	16	static
../DS3231/ds3231_for_stm32_hal.c:207:6:DS3231_SetAlarm1Date	16	static
../DS3231/ds3231_for_stm32_hal.c:217:6:DS3231_SetAlarm1Day	16	static
../DS3231/ds3231_for_stm32_hal.c:333:6:DS3231_SetDayOfWeek	8	static
../DS3231/ds3231_for_stm32_hal.c:341:6:DS3231_SetDate	8	static
../DS3231/ds3231_for_stm32_hal.c:349:6:DS3231_SetMonth	16	static
../DS3231/ds3231_for_stm32_hal.c:358:6:DS3231_SetYear	16	static
../DS3231/ds3231_for_stm32_hal.c:408:6:DS3231_SetFullDate	16	static
../DS3231/ds3231_for_stm32_hal.c:369:6:DS3231_SetHour	8	static
../DS3231/ds3231_for_stm32_hal.c:377:6:DS3231_SetMinute	8	static
../DS3231/ds3231_for_stm32_hal.c:385:6:DS3231_SetSecond	8	static
../DS3231/ds3231_for_stm32_hal.c:395:6:DS3231_SetFullTime	16	static
../DS3231/ds3231_for_stm32_hal.c:437:6:DS3231_Enable32kHzOutput	8	static
../DS3231/ds3231_for_stm32_hal.c:446:8:DS3231_GetTemperatureInteger	8	static
../DS3231/ds3231_for_stm32_hal.c:454:9:DS3231_GetTemperatureFraction	8	static
