../Core/Src/main.c:135:5:main	40	static
../Core/Src/main.c:255:6:SystemClock_Config	112	static
../Core/Src/main.c:311:13:MX_I2C1_Init	8	static
../Core/Src/main.c:359:13:MX_LPUART1_UART_Init	8	static
../Core/Src/main.c:393:13:MX_USART2_UART_Init	8	static
../Core/Src/main.c:428:13:MX_RTC_Init	8	static
../Core/Src/main.c:464:13:MX_TIM2_Init	48	static
../Core/Src/main.c:534:13:MX_TIM21_Init	48	static
../Core/Src/main.c:591:13:MX_DMA_Init	16	static
../Core/Src/main.c:615:13:MX_GPIO_Init	48	static
../Core/Src/main.c:699:6:Error_Handler	8	static,ignoring_inline_asm
