../Core/Src/main.c:134:5:main	24	static
../Core/Src/main.c:264:6:SystemClock_Config	112	static
../Core/Src/main.c:320:13:MX_I2C1_Init	8	static
../Core/Src/main.c:368:13:MX_LPUART1_UART_Init	8	static
../Core/Src/main.c:402:13:MX_USART2_UART_Init	8	static
../Core/Src/main.c:437:13:MX_RTC_Init	8	static
../Core/Src/main.c:473:13:MX_TIM2_Init	48	static
../Core/Src/main.c:543:13:MX_TIM21_Init	32	static
../Core/Src/main.c:586:13:MX_DMA_Init	16	static
../Core/Src/main.c:610:13:MX_GPIO_Init	48	static
../Core/Src/main.c:694:6:Error_Handler	8	static,ignoring_inline_asm
