../Core/Src/menu.c:44:13:decrease_parameter	8	static
../Core/Src/menu.c:54:20:init_items_hierarchy_horizontal	32	static
../Core/Src/menu.c:141:6:init_menu_items	40	static
../Core/Src/menu.c:170:6:item_goto_prev	8	static
../Core/Src/menu.c:174:6:item_goto_next	8	static
../Core/Src/menu.c:177:6:item_selection_cycle	8	static
../Core/Src/menu.c:200:6:hours_decrease	8	static
../Core/Src/menu.c:204:6:hours_increase	8	static
../Core/Src/menu.c:208:6:minutes_decrease	8	static
../Core/Src/menu.c:212:6:minutes_increase	8	static
../Core/Src/menu.c:217:6:init_menu_functions	32	static
