../Core/Src/stm32l0xx_hal_msp.c:70:6:HAL_MspInit	8	static
../Core/Src/stm32l0xx_hal_msp.c:92:6:HAL_I2C_MspInit	48	static
../Core/Src/stm32l0xx_hal_msp.c:128:6:HAL_I2C_MspDeInit	16	static
../Core/Src/stm32l0xx_hal_msp.c:159:6:HAL_UART_MspInit	56	static
../Core/Src/stm32l0xx_hal_msp.c:219:6:HAL_UART_MspDeInit	16	static
../Core/Src/stm32l0xx_hal_msp.c:266:6:HAL_RTC_MspInit	16	static
../Core/Src/stm32l0xx_hal_msp.c:288:6:HAL_RTC_MspDeInit	16	static
../Core/Src/stm32l0xx_hal_msp.c:310:6:HAL_TIM_Base_MspInit	16	static
../Core/Src/stm32l0xx_hal_msp.c:419:6:HAL_TIM_Base_MspDeInit	16	static
