../Core/Src/stm32l0xx_hal_msp.c:63:6:HAL_MspInit	0	static
../Core/Src/stm32l0xx_hal_msp.c:85:6:HAL_I2C_MspInit	32	static
../Core/Src/stm32l0xx_hal_msp.c:121:6:HAL_I2C_MspDeInit	8	static
../Core/Src/stm32l0xx_hal_msp.c:152:6:HAL_LPTIM_MspInit	0	static
../Core/Src/stm32l0xx_hal_msp.c:174:6:HAL_LPTIM_MspDeInit	0	static
../Core/Src/stm32l0xx_hal_msp.c:196:6:HAL_UART_MspInit	40	static
../Core/Src/stm32l0xx_hal_msp.c:256:6:HAL_UART_MspDeInit	8	static
../Core/Src/stm32l0xx_hal_msp.c:303:6:HAL_RTC_MspInit	0	static
../Core/Src/stm32l0xx_hal_msp.c:325:6:HAL_RTC_MspDeInit	0	static
../Core/Src/stm32l0xx_hal_msp.c:347:6:HAL_TIM_Base_MspInit	8	static
../Core/Src/stm32l0xx_hal_msp.c:386:6:HAL_TIM_Base_MspDeInit	8	static
